[www.klevermedia.co.uk/html_templates/movie_star_html/index.html]
[backblue.gif]
[fade.gif]
[index.html]
[www.klevermedia.co.uk/html_templates/movie_star_html/images/favicon.png]
[www.klevermedia.co.uk/html_templates/movie_star_html/css/slick.css]
[www.klevermedia.co.uk/html_templates/movie_star_html/css/bootstrap.min.css]
[www.klevermedia.co.uk/html_templates/movie_star_html/css/venobox.css]
[www.klevermedia.co.uk/html_templates/movie_star_html/css/style.css]
[www.klevermedia.co.uk/html_templates/movie_star_html/images/logo.svg]
[www.klevermedia.co.uk/html_templates/movie_star_html/index-2.html]
[www.klevermedia.co.uk/html_templates/movie_star_html/whats-on.html]
[www.klevermedia.co.uk/html_templates/movie_star_html/news.html]
[www.klevermedia.co.uk/html_templates/movie_star_html/shortcodes.html]
[www.klevermedia.co.uk/html_templates/movie_star_html/news-single.html]
[www.klevermedia.co.uk/html_templates/movie_star_html/contact.html]
[www.klevermedia.co.uk/html_templates/movie_star_html/images/scroll-arrow.svg]
[www.klevermedia.co.uk/html_templates/movie_star_html/images/hero-1.jpg]
[www.klevermedia.co.uk/html_templates/movie_star_html/images/hero-2.jpg]
[www.klevermedia.co.uk/html_templates/movie_star_html/images/hero-3.jpg]
[www.klevermedia.co.uk/html_templates/movie_star_html/single-movie.html]
[www.klevermedia.co.uk/html_templates/movie_star_html/images/movie-1.jpg]
[www.klevermedia.co.uk/html_templates/movie_star_html/images/movie-2.jpg]
[www.klevermedia.co.uk/html_templates/movie_star_html/images/movie-3.jpg]
[www.klevermedia.co.uk/html_templates/movie_star_html/images/movie-4.jpg]
[www.klevermedia.co.uk/html_templates/movie_star_html/images/movie-6.jpg]
[www.klevermedia.co.uk/html_templates/movie_star_html/images/movie-5.jpg]
[www.klevermedia.co.uk/html_templates/movie_star_html/images/movie-8.jpg]
[www.klevermedia.co.uk/html_templates/movie_star_html/images/movie-7.jpg]
[www.klevermedia.co.uk/html_templates/movie_star_html/images/slide-1.png]
[www.klevermedia.co.uk/html_templates/movie_star_html/images/slide-1-video.png]
[www.klevermedia.co.uk/html_templates/movie_star_html/images/slide-2.png]
[www.klevermedia.co.uk/html_templates/movie_star_html/images/slide-2-video.png]
[www.klevermedia.co.uk/html_templates/movie_star_html/images/slide-3.png]
[www.klevermedia.co.uk/html_templates/movie_star_html/images/slide-3-video.png]
[www.klevermedia.co.uk/html_templates/movie_star_html/images/slide-4.png]
[www.klevermedia.co.uk/html_templates/movie_star_html/images/slide-4-video.png]
[www.klevermedia.co.uk/html_templates/movie_star_html/images/slide-5.png]
[www.klevermedia.co.uk/html_templates/movie_star_html/images/slide-5-video.png]
[www.klevermedia.co.uk/html_templates/movie_star_html/images/slide-6.png]
[www.klevermedia.co.uk/html_templates/movie_star_html/images/slide-6-video.png]
[www.klevermedia.co.uk/html_templates/movie_star_html/images/slide-7.png]
[www.klevermedia.co.uk/html_templates/movie_star_html/images/slide-7-video.png]
[www.klevermedia.co.uk/html_templates/movie_star_html/images/movie-10.jpg]
[www.klevermedia.co.uk/html_templates/movie_star_html/images/movie-9.jpg]
[www.klevermedia.co.uk/html_templates/movie_star_html/images/movie-11.jpg]
[www.klevermedia.co.uk/html_templates/movie_star_html/images/movie-12.jpg]
[www.klevermedia.co.uk/html_templates/movie_star_html/images/movie-13.jpg]
[www.klevermedia.co.uk/html_templates/movie_star_html/images/movie-14.jpg]
[www.klevermedia.co.uk/html_templates/movie_star_html/images/movie-15.jpg]
[www.klevermedia.co.uk/html_templates/movie_star_html/js/jquery-2.2.4.min.js]
[www.klevermedia.co.uk/html_templates/movie_star_html/js/jquery-ui.min.js]
[www.klevermedia.co.uk/html_templates/movie_star_html/js/bootstrap.min.js]
[www.klevermedia.co.uk/html_templates/movie_star_html/js/headhesive.min.js]
[www.klevermedia.co.uk/html_templates/movie_star_html/js/matchHeight.min.js]
[www.klevermedia.co.uk/html_templates/movie_star_html/js/modernizr.custom.js]
[www.klevermedia.co.uk/html_templates/movie_star_html/js/slick.min.js]
[www.klevermedia.co.uk/html_templates/movie_star_html/js/venobox.min.js]
[use.fontawesome.com/4dfd2d448a.js]
[www.klevermedia.co.uk/html_templates/movie_star_html/index.html]
[www.klevermedia.co.uk/html_templates/movie_star_html/css/slick.css]
[www.klevermedia.co.uk/html_templates/movie_star_html/js/custom.js]
[www.klevermedia.co.uk/html_templates/movie_star_html/fonts/glyphicons-halflings-regular.eot]
[www.klevermedia.co.uk/html_templates/movie_star_html/fonts/glyphicons-halflings-regulard41d.eot]
[www.klevermedia.co.uk/html_templates/movie_star_html/fonts/glyphicons-halflings-regular.woff2]
[www.klevermedia.co.uk/html_templates/movie_star_html/fonts/glyphicons-halflings-regular.woff]
[www.klevermedia.co.uk/html_templates/movie_star_html/fonts/glyphicons-halflings-regular.ttf]
[www.klevermedia.co.uk/html_templates/movie_star_html/fonts/glyphicons-halflings-regular.svg]
[www.klevermedia.co.uk/html_templates/movie_star_html/css/bootstrap.min.css]
[www.klevermedia.co.uk/html_templates/movie_star_html/css/venobox.css]
[www.klevermedia.co.uk/html_templates/movie_star_html/css/style.css]
[www.klevermedia.co.uk/html_templates/movie_star_html/index-2.html]
[www.klevermedia.co.uk/html_templates/movie_star_html/images/logo.svg]
[www.klevermedia.co.uk/html_templates/movie_star_html/images/hero-whats-on.jpg]
[www.klevermedia.co.uk/html_templates/movie_star_html/whats-on.html]
[www.klevermedia.co.uk/html_templates/movie_star_html/images/hero-shortcodes.jpg]
[www.klevermedia.co.uk/html_templates/movie_star_html/images/news-1.png]
[www.klevermedia.co.uk/html_templates/movie_star_html/images/news-2.png]
[www.klevermedia.co.uk/html_templates/movie_star_html/images/news-3.png]
[www.klevermedia.co.uk/html_templates/movie_star_html/shortcodes.html]
[www.klevermedia.co.uk/html_templates/movie_star_html/images/hero-news.jpg]
[www.klevermedia.co.uk/html_templates/movie_star_html/images/post-1.png]
[www.klevermedia.co.uk/html_templates/movie_star_html/images/post-2.png]
[www.klevermedia.co.uk/html_templates/movie_star_html/images/post-3.png]
[www.klevermedia.co.uk/html_templates/movie_star_html/images/post-4.png]
[www.klevermedia.co.uk/html_templates/movie_star_html/images/post-5.png]
[www.klevermedia.co.uk/html_templates/movie_star_html/news.html]
[www.klevermedia.co.uk/html_templates/movie_star_html/images/hero-news-single.jpg]
[www.klevermedia.co.uk/html_templates/movie_star_html/images/avatar.png]
[www.klevermedia.co.uk/html_templates/movie_star_html/news-single.html]
[www.klevermedia.co.uk/html_templates/movie_star_html/images/hero-contact.jpg]
[www.klevermedia.co.uk/cdn-cgi/scripts/0e574bed/cloudflare-static/email-decode.min.js]
[www.klevermedia.co.uk/html_templates/movie_star_html/contact.html]
[www.klevermedia.co.uk/html_templates/movie_star_html/images/scroll-arrow.svg]
[www.klevermedia.co.uk/html_templates/movie_star_html/js/gmap3.min.js]
[www.klevermedia.co.uk/html_templates/movie_star_html/comng-soon.html]
[www.klevermedia.co.uk/html_templates/movie_star_html/images/hero-single-movie.jpg]
[www.klevermedia.co.uk/html_templates/movie_star_html/images/movie-16.jpg]
[www.klevermedia.co.uk/html_templates/movie_star_html/images/gallery-bg.png]
[www.klevermedia.co.uk/html_templates/movie_star_html/images/gallery-slide-1.jpg]
[www.klevermedia.co.uk/html_templates/movie_star_html/images/gallery-bg-2.png]
[www.klevermedia.co.uk/html_templates/movie_star_html/images/gallery-slide-2.jpg]
[www.klevermedia.co.uk/html_templates/movie_star_html/images/gallery-thumb-1.png]
[www.klevermedia.co.uk/html_templates/movie_star_html/images/gallery-thumb-2.png]
[www.klevermedia.co.uk/html_templates/movie_star_html/images/gallery-thumb-3.png]
[www.klevermedia.co.uk/html_templates/movie_star_html/images/gallery-thumb-4.png]
[www.klevermedia.co.uk/html_templates/movie_star_html/images/gallery-thumb-5.png]
[www.klevermedia.co.uk/html_templates/movie_star_html/images/gallery-thumb-6.png]
[www.klevermedia.co.uk/html_templates/movie_star_html/single-movie.html]
[www.klevermedia.co.uk/html_templates/movie_star_html/fonts/glyphicons-halflings-regular.html]
[www.klevermedia.co.uk/html_templates/movie_star_html/fonts/glyphicons-halflings-regulard41d.html]
[www.klevermedia.co.uk/html_templates/movie_star_html/fonts/glyphicons-halflings-regular-2.html]
[www.klevermedia.co.uk/html_templates/movie_star_html/fonts/glyphicons-halflings-regular-3.html]
[www.klevermedia.co.uk/html_templates/movie_star_html/fonts/glyphicons-halflings-regular-4.html]
[www.klevermedia.co.uk/html_templates/movie_star_html/fonts/glyphicons-halflings-regular-5.html]
[www.klevermedia.co.uk/html_templates/movie_star_html/comng-soon.html]
